C51 COMPILER V6.02  LCD                                                                    09/30/2015 14:46:49 PAGE 1   


C51 COMPILER V6.02, COMPILATION OF MODULE LCD
OBJECT MODULE PLACED IN .\lcd.OBJ
COMPILER INVOKED BY: C:\Keil\C51\BIN\C51.EXE .\lcd.c DEBUG OBJECTEXTEND

stmt level    source

   1          #include "main.h"
   2          #include "port.h"
   3          #include "lcd.h"
   4          #include "hardware_delay.h"
   5          
   6          void LCD_Write(bit RegSelect, uint8_t LCD_Data)
   7          {
   8   1      	//LCD_DATA_OUT = LCD_Data; // ? LCD_MODULE_DATA_PORT
   9   1      	RS = RegSelect;
  10   1      	E = 1;
  11   1      	delay_ms(10);
  12   1      	LCD_DATA_OUT = LCD_Data; // ? LCD_MODULE_DATA_PORT
  13   1      	E = 0;
  14   1      	delay_ms(1);
  15   1      	LCD_DATA_OUT = 0xFF; // Make sure if other things attach they wont short (not needed)
  16   1      }
  17          
  18          void LCD_Print(uint8_t num_bytes, uint8_t *array_name)
  19          {	
  20   1      	uint8_t value, index;
  21   1      	if(num_bytes == 0)
  22   1      	{
  23   2      		index = 0;
  24   2      		while(value != NULL)
  25   2      		{
  26   3      			LCD_Write(DDRAM, *(array_name + index));
  27   3      			index++;
  28   3      			delay_ms(5);
  29   3      		}
  30   2      		
  31   2      	}
  32   1      	else
  33   1      	{
  34   2      		for(index = 0; index < num_bytes; index++)
  35   2      		{
  36   3      			LCD_Write(DDRAM, *(array_name + index));
  37   3      		}
  38   2      	}
  39   1      
  40   1      
  41   1      // WE USED THIS INSTEAD.
  42   1      //	while(*array_name)
  43   1      //		LCD_Write(1,*array_name++);
  44   1      }
  45          
  46          void LCD_Init()
  47          {
  48   1      	#define FUNCTION_SET 	0x38
  49   1      	#define DISPLAY_CONTROL	0x0F
  50   1      	#define DISPLAY_CLEAR	0x01
  51   1      	#define ENTRY_MODE		0x06
  52   1      
  53   1      	delay_ms(30);
  54   1      	LCD_Write(COMMAND, FUNCTION_SET);
  55   1      	delay_ms(5);
C51 COMPILER V6.02  LCD                                                                    09/30/2015 14:46:49 PAGE 2   

  56   1      	LCD_Write(COMMAND, FUNCTION_SET);
  57   1      //	delay_ms(1);
  58   1      	LCD_Write(COMMAND, FUNCTION_SET);
  59   1      //	delay_ms(1);
  60   1      	LCD_Write(COMMAND, DISPLAY_CONTROL);
  61   1      //	delay_ms(1);
  62   1      	LCD_Write(COMMAND, DISPLAY_CLEAR);
  63   1      	delay_ms(2);
  64   1      	LCD_Write(COMMAND, ENTRY_MODE);
  65   1      //	delay_ms(1);
  66   1      }
  67          
  68          
  69          
  70          void LCD_Clear()
  71          {
  72   1      	LCD_Write(0,0x01);
  73   1      	delay_ms(2);
  74   1      }
  75          


MODULE INFORMATION:   STATIC OVERLAYABLE
   CODE SIZE        =    182    ----
   CONSTANT SIZE    =   ----    ----
   XDATA SIZE       =   ----    ----
   PDATA SIZE       =   ----    ----
   DATA SIZE        =   ----       7
   IDATA SIZE       =   ----    ----
   BIT SIZE         =   ----       1
END OF MODULE INFORMATION.


C51 COMPILATION COMPLETE.  0 WARNING(S),  0 ERROR(S)
