C51 COMPILER V9.53.0.0   MAIN                                                              10/14/2015 16:23:42 PAGE 1   


C51 COMPILER V9.53.0.0, COMPILATION OF MODULE MAIN
OBJECT MODULE PLACED IN main.OBJ
COMPILER INVOKED BY: \\minerfiles.mst.edu\dfs\users\mrwpp5\Desktop\C51\BIN\C51.EXE main.c OPTIMIZE(8,SPEED) DEBUG OBJECT
                    -EXTEND TABS(2)

line level    source

   1          #include "main.h"
   2          #include "port.h"
   3          #include <stdio.h>
   4          #include "uart.h"
   5          #include "memory_test.h"
   6          #include "print_bytes.h"
   7          #include "hardware_delay.h"
   8          #include "lcd.h"
   9          #include "spi.h"
  10          #include "SDcard.h"
  11          void main(void)
  12          {
  13   1        
  14   1      //  uint8_t *pntr;
  15   1        LED3=0;
  16   1        UART_Init();
  17   1        LCD_Init();
  18   1        SPI_master_init(uint32_t SCLR_FREQ);
*** ERROR C141 IN LINE 18 OF main.c: syntax error near 'uint32_t'
  19   1        SDcard_init();
  20   1      
  21   1      //  pntr = xdata_memory_init();
  22   1        
  23   1        //pntr = code_memory_init();
  24   1      //  print_memory(pntr, 37);
  25   1        //LCD_Print(11, "Hello World");
  26   1      //  LCD_Write(1, 'U');
  27   1        while(1)
  28   1        {
  29   2          LED1 = 0;
  30   2          LED4 = 0;
  31   2      
  32   2          delay_ms(1000);
  33   2          LED1 = 1;
  34   2          LED4 = 1;
  35   2          LCD_Write(COMMAND, LINE1);
  36   2          LCD_Print(16, "Coltons and Matt");
  37   2          LCD_Write(COMMAND, LINE2);
  38   2          LCD_Print(15, "hews LCD Works!");
  39   2          delay_ms(3000);
  40   2          LCD_Clear();
  41   2        }
  42   1      
  43   1      }
  44          

C51 COMPILATION COMPLETE.  0 WARNING(S),  1 ERROR(S)
