C51 COMPILER V9.53.0.0   MEMORY_TEST                                                       10/12/2015 16:22:13 PAGE 1   


C51 COMPILER V9.53.0.0, COMPILATION OF MODULE MEMORY_TEST
OBJECT MODULE PLACED IN memory_test.OBJ
COMPILER INVOKED BY: \\minerfiles.mst.edu\dfs\users\mrwpp5\Desktop\C51\BIN\C51.EXE memory_test.c OPTIMIZE(8,SPEED) DEBUG
                    - OBJECTEXTEND TABS(2)

line level    source

   1          #include "main.h"
   2          #include "memory_test.h"
   3          
   4          static uint8_t code code_mem[]="Code Memory: String for Colton Pierce & Matthew Wedewer";
   5          static uint8_t xdata xdata_mem[50];
   6          
   7          /***********************************************************************
   8          DESC:  Returns the pointer to a string in code memory
   9          INPUT: global string definition
  10          RETURNS: pointer to the global string definition
  11          CAUTION: 
  12          ************************************************************************/
  13          uint8_t * code_memory_init(void)
  14          {
  15   1         return code_mem;
  16   1      }
  17          
  18          
  19          /***********************************************************************
  20          DESC:  Copies a string of characters from code memory to xram
  21          INPUT: uses two global pointers defined above
  22          RETURNS: pointer to the string in xdata memory
  23          CAUTION: 
  24          ************************************************************************/
  25          uint8_t * xdata_memory_init(void)
  26          {
  27   1         uint8_t index, value;
  28   1         
  29   1         index=0;
  30   1         do
  31   1         {
  32   2             value=code_mem[index];
  33   2             xdata_mem[index+1]=value;
  34   2             index++;
  35   2         }while(value!=0);
  36   1         xdata_mem[0]='X';
  37   1         xdata_mem[1]='d';
  38   1         xdata_mem[2]='a';
  39   1         xdata_mem[3]='t';
  40   1         xdata_mem[4]='a'; 
  41   1      
  42   1         return xdata_mem;
  43   1      }


MODULE INFORMATION:   STATIC OVERLAYABLE
   CODE SIZE        =     59    ----
   CONSTANT SIZE    =     56    ----
   XDATA SIZE       =     50    ----
   PDATA SIZE       =   ----    ----
   DATA SIZE        =   ----    ----
   IDATA SIZE       =   ----    ----
   BIT SIZE         =   ----    ----
END OF MODULE INFORMATION.

C51 COMPILER V9.53.0.0   MEMORY_TEST                                                       10/12/2015 16:22:13 PAGE 2   


C51 COMPILATION COMPLETE.  0 WARNING(S),  0 ERROR(S)
